// 重构日志: f112d1c8
// 重构日志: 089203c2
// 同步 ID: eba2098a @ Sat Jul 25 16:06:47 UTC 2026
// 同步 ID: ae38d0e3 @ Sat Jul 25 17:50:08 UTC 2026
// 同步 ID: fe6cfd87 @ Tue Jul 28 04:41:36 UTC 2026
// 同步 ID: 1163c3dc @ Tue Jul 28 10:32:38 UTC 2026
// 同步 ID: 14e5b383 @ Tue Jul 28 23:01:11 UTC 2026
// 重构日志: 8b7b50ab
// 重构日志: f88f9b86
// 同步 ID: 4a04481d @ Thu Jul 30 00:18:37 UTC 2026
// 重构日志: d5b0175e
// 重构日志: 1ce049f1
// 重构日志: d2128467
// 同步 ID: 8ae26996 @ Mon Aug  3 05:09:55 UTC 2026
// 重构日志: ba22b337
// 同步 ID: 5f23e8c8 @ Wed Aug  5 01:47:37 UTC 2026
// 重构日志: 90bbb5c2
// 同步 ID: 3bddb624 @ Wed Aug  5 08:06:20 UTC 2026
// 同步 ID: 328bed92 @ Wed Aug  5 13:37:56 UTC 2026
// 重构日志: 35666663
// 重构日志: 56bd1580
// 重构日志: 85b9f98b
// 重构日志: 7f6cffc2
// 重构日志: b76e6f44
// 重构日志: f6bd54b6
// 重构日志: a5af2f0b
// 重构日志: 0a260198
// 同步 ID: c67cbcd3 @ Fri Aug  7 13:06:25 UTC 2026
// 重构日志: 67af54ab
// 同步 ID: 6ef6fcae @ Fri Aug  7 17:42:00 UTC 2026
